E:\Project\demo\src\main\java\com\cedar\worklog\entity\DayTableWork.java
E:\Project\demo\src\main\java\com\cedar\worklog\service\UserService.java
E:\Project\demo\src\main\java\com\cedar\worklog\controller\UserController.java
E:\Project\demo\src\main\java\com\cedar\worklog\service\impl\UserServiceImpl.java
E:\Project\demo\src\main\java\com\cedar\worklog\controller\DownloadController.java
E:\Project\demo\src\main\java\com\cedar\worklog\controller\ThymeleafUserController.java
E:\Project\demo\src\main\java\com\cedar\worklog\ServletInitializer.java
E:\Project\demo\src\main\java\com\cedar\worklog\controller\DtableController.java
E:\Project\demo\src\main\java\com\cedar\worklog\service\DTableService.java
E:\Project\demo\src\main\java\com\cedar\worklog\DemoApplication.java
E:\Project\demo\src\main\java\com\cedar\worklog\entity\User.java
E:\Project\demo\src\main\java\com\cedar\worklog\service\impl\DTableServiceImpl.java
E:\Project\demo\src\main\java\com\cedar\worklog\controller\LoginController.java
E:\Project\demo\src\main\java\com\cedar\worklog\util\Download.java
E:\Project\demo\src\main\java\com\cedar\worklog\util\UseExcel.java
E:\Project\demo\src\main\java\com\cedar\worklog\dao\UserDao.java
E:\Project\demo\src\main\java\com\cedar\worklog\dao\DTableDao.java
